MPLINK 5.08, LINKER
Linker Map File - Created Mon Nov  9 16:00:51 2015

                                 Section Info
                  Section       Type    Address   Location Size(Bytes)
                ---------  ---------  ---------  ---------  ---------
                   .org_0       code   0x000000    program   0x000006
                   .org_1       code   0x000004    program   0x000390
                   .cinit    romdata   0x0001cc    program   0x000004
                  .idlocs       code   0x008000    program   0x000008
.config_8007_BUILD/DEFAULT/PRODUCTION/_EXT/18       code   0x008007    program   0x000002
.config_8008_BUILD/DEFAULT/PRODUCTION/_EXT/18       code   0x008008    program   0x000002
              I2C_Buffers      udata   0x0000a0       data   0x000018



                              Program Memory Usage 
                               Start         End      
                           ---------   ---------      
                            0x000000    0x000002      
                            0x000004    0x0001cd      
                            0x008000    0x008003      
                            0x008007    0x008008      
            467 out of 2311 program addresses used, program memory utilization is 20%



                              Symbols - Sorted by Name
                     Name    Address   Location    Storage File                     
                ---------  ---------  ---------  --------- ---------                
                 ClearRam   0x000173    program     static /Projects/I2CTest/F1822_Common.inc
              ClearRam_L2   0x00017e    program     static /Projects/I2CTest/F1822_Common.inc
                 DecTimer   0x00018a    program     static /Projects/I2CTest/F1822_Common.inc
                DecTimer1   0x000189    program     static /Projects/I2CTest/F1822_Common.inc
                DecTimer2   0x000187    program     static /Projects/I2CTest/F1822_Common.inc
                DecTimer3   0x000185    program     static /Projects/I2CTest/F1822_Common.inc
                DecTimer4   0x000183    program     static /Projects/I2CTest/F1822_Common.inc
               Delay100uS   0x0001a4    program     static /Projects/I2CTest/F1822_Common.inc
                Delay10uS   0x0001a2    program     static /Projects/I2CTest/F1822_Common.inc
                Delay40uS   0x0001a6    program     static /Projects/I2CTest/F1822_Common.inc
                 DelayWuS   0x0001a7    program     static /Projects/I2CTest/F1822_Common.inc
            DelayWuS_Loop   0x0001a8    program     static /Projects/I2CTest/F1822_Common.inc
                   EERead   0x0001ac    program     static /Projects/I2CTest/F1822_Common.inc
                  EEReadW   0x0001ab    program     static /Projects/I2CTest/F1822_Common.inc
                  EEWrite   0x0001b6    program     static /Projects/I2CTest/F1822_Common.inc
              EEWriteLoop   0x0001c8    program     static /Projects/I2CTest/F1822_Common.inc
                 EEWriteW   0x0001b5    program     static /Projects/I2CTest/F1822_Common.inc
           I2C_DataInturp   0x000148    program     static /Projects/I2CTest/TestI2CMaster.asm
           I2C_DataSender   0x00015e    program     static /Projects/I2CTest/TestI2CMaster.asm
         I2C_GetSlaveAddr   0x0000fc    program     static /Projects/I2CTest/I2C_MASTER.inc
                 I2C_READ   0x0000d6    program     static /Projects/I2CTest/I2C_MASTER.inc
               I2C_READ_1   0x0000df    program     static /Projects/I2CTest/I2C_MASTER.inc
               I2C_READ_2   0x0000e6    program     static /Projects/I2CTest/I2C_MASTER.inc
               I2C_READ_3   0x0000f0    program     static /Projects/I2CTest/I2C_MASTER.inc
             I2C_READ_End   0x0000f7    program     static /Projects/I2CTest/I2C_MASTER.inc
          I2C_READ_Return   0x000022    program     static /Projects/I2CTest/TestI2CMaster.asm
           I2C_Set_RX_PTR   0x000118    program     static /Projects/I2CTest/I2C_MASTER.inc
           I2C_Set_TX_PTR   0x000104    program     static /Projects/I2CTest/I2C_MASTER.inc
        I2C_Set_TX_PTR_E2   0x000109    program     static /Projects/I2CTest/I2C_MASTER.inc
        I2C_Set_TX_PTR_L1   0x000111    program     static /Projects/I2CTest/I2C_MASTER.inc
             I2C_StartSeq   0x00007b    program     static /Projects/I2CTest/I2C_MASTER.inc
       I2C_Start_Read_Seq   0x0000ad    program     static /Projects/I2CTest/I2C_MASTER.inc
      I2C_Start_Write_Seq   0x0000a5    program     static /Projects/I2CTest/I2C_MASTER.inc
                I2C_Write   0x0000b4    program     static /Projects/I2CTest/I2C_MASTER.inc
              I2C_Write_1   0x0000cd    program     static /Projects/I2CTest/I2C_MASTER.inc
            I2C_Write_End   0x0000d0    program     static /Projects/I2CTest/I2C_MASTER.inc
         I2C_Write_Return   0x000022    program     static /Projects/I2CTest/TestI2CMaster.asm
         I2C_Write_TXData   0x0000bf    program     static /Projects/I2CTest/I2C_MASTER.inc
                    IRQ_2   0x00001b    program     static /Projects/I2CTest/TestI2CMaster.asm
                    IRQ_4   0x00001b    program     static /Projects/I2CTest/TestI2CMaster.asm
                IRQ_4_End   0x000024    program     static /Projects/I2CTest/TestI2CMaster.asm
                    IRQ_5   0x000024    program     static /Projects/I2CTest/TestI2CMaster.asm
                IRQ_5_End   0x00002b    program     static /Projects/I2CTest/TestI2CMaster.asm
                 Idle_I2C   0x000032    program     static /Projects/I2CTest/I2C_MASTER.inc
           Idle_I2C_B0Rtn   0x00003e    program     static /Projects/I2CTest/I2C_MASTER.inc
            Idle_I2C_Read   0x00004f    program     static /Projects/I2CTest/I2C_MASTER.inc
          Idle_I2C_Read_1   0x000057    program     static /Projects/I2CTest/I2C_MASTER.inc
          Idle_I2C_Read_2   0x00005e    program     static /Projects/I2CTest/I2C_MASTER.inc
          Idle_I2C_Read_3   0x000060    program     static /Projects/I2CTest/I2C_MASTER.inc
          Idle_I2C_Read_4   0x000070    program     static /Projects/I2CTest/I2C_MASTER.inc
         Idle_I2C_Write_1   0x000040    program     static /Projects/I2CTest/I2C_MASTER.inc
         Idle_I2C_Write_2   0x000046    program     static /Projects/I2CTest/I2C_MASTER.inc
                 Init_I2C   0x00007e    program     static /Projects/I2CTest/I2C_MASTER.inc
              Init_I2C_L1   0x000085    program     static /Projects/I2CTest/I2C_MASTER.inc
              Init_I2C_L2   0x00008f    program     static /Projects/I2CTest/I2C_MASTER.inc
                 MainLoop   0x000143    program     static /Projects/I2CTest/TestI2CMaster.asm
          SystemBlinkDone   0x000018    program     static /Projects/I2CTest/TestI2CMaster.asm
          SystemBlink_end   0x00001b    program     static /Projects/I2CTest/TestI2CMaster.asm
              TestT1_Zero   0x00019f    program     static /Projects/I2CTest/F1822_Common.inc
              TestT2_Zero   0x00019c    program     static /Projects/I2CTest/F1822_Common.inc
              TestT3_Zero   0x000199    program     static /Projects/I2CTest/F1822_Common.inc
              TestT4_Zero   0x000196    program     static /Projects/I2CTest/F1822_Common.inc
             ToggleSysLED   0x00002c    program     static /Projects/I2CTest/TestI2CMaster.asm
             _.org_1_004D   0x00004d    program     static /Projects/I2CTest/I2C_MASTER.inc
             _.org_1_0077   0x000077    program     static /Projects/I2CTest/I2C_MASTER.inc
                    start   0x00011e    program     static /Projects/I2CTest/TestI2CMaster.asm
             I2C_ARRAY_RX   0x0000ac       data     static /Projects/I2CTest/TestI2CMaster.asm
             I2C_ARRAY_TX   0x0000a0       data     static /Projects/I2CTest/TestI2CMaster.asm



                              Symbols - Sorted by Address
                     Name    Address   Location    Storage File                     
                ---------  ---------  ---------  --------- ---------                
          SystemBlinkDone   0x000018    program     static /Projects/I2CTest/TestI2CMaster.asm
          SystemBlink_end   0x00001b    program     static /Projects/I2CTest/TestI2CMaster.asm
                    IRQ_2   0x00001b    program     static /Projects/I2CTest/TestI2CMaster.asm
                    IRQ_4   0x00001b    program     static /Projects/I2CTest/TestI2CMaster.asm
          I2C_READ_Return   0x000022    program     static /Projects/I2CTest/TestI2CMaster.asm
         I2C_Write_Return   0x000022    program     static /Projects/I2CTest/TestI2CMaster.asm
                    IRQ_5   0x000024    program     static /Projects/I2CTest/TestI2CMaster.asm
                IRQ_4_End   0x000024    program     static /Projects/I2CTest/TestI2CMaster.asm
                IRQ_5_End   0x00002b    program     static /Projects/I2CTest/TestI2CMaster.asm
             ToggleSysLED   0x00002c    program     static /Projects/I2CTest/TestI2CMaster.asm
                 Idle_I2C   0x000032    program     static /Projects/I2CTest/I2C_MASTER.inc
           Idle_I2C_B0Rtn   0x00003e    program     static /Projects/I2CTest/I2C_MASTER.inc
         Idle_I2C_Write_1   0x000040    program     static /Projects/I2CTest/I2C_MASTER.inc
         Idle_I2C_Write_2   0x000046    program     static /Projects/I2CTest/I2C_MASTER.inc
             _.org_1_004D   0x00004d    program     static /Projects/I2CTest/I2C_MASTER.inc
            Idle_I2C_Read   0x00004f    program     static /Projects/I2CTest/I2C_MASTER.inc
          Idle_I2C_Read_1   0x000057    program     static /Projects/I2CTest/I2C_MASTER.inc
          Idle_I2C_Read_2   0x00005e    program     static /Projects/I2CTest/I2C_MASTER.inc
          Idle_I2C_Read_3   0x000060    program     static /Projects/I2CTest/I2C_MASTER.inc
          Idle_I2C_Read_4   0x000070    program     static /Projects/I2CTest/I2C_MASTER.inc
             _.org_1_0077   0x000077    program     static /Projects/I2CTest/I2C_MASTER.inc
             I2C_StartSeq   0x00007b    program     static /Projects/I2CTest/I2C_MASTER.inc
                 Init_I2C   0x00007e    program     static /Projects/I2CTest/I2C_MASTER.inc
              Init_I2C_L1   0x000085    program     static /Projects/I2CTest/I2C_MASTER.inc
              Init_I2C_L2   0x00008f    program     static /Projects/I2CTest/I2C_MASTER.inc
      I2C_Start_Write_Seq   0x0000a5    program     static /Projects/I2CTest/I2C_MASTER.inc
       I2C_Start_Read_Seq   0x0000ad    program     static /Projects/I2CTest/I2C_MASTER.inc
                I2C_Write   0x0000b4    program     static /Projects/I2CTest/I2C_MASTER.inc
         I2C_Write_TXData   0x0000bf    program     static /Projects/I2CTest/I2C_MASTER.inc
              I2C_Write_1   0x0000cd    program     static /Projects/I2CTest/I2C_MASTER.inc
            I2C_Write_End   0x0000d0    program     static /Projects/I2CTest/I2C_MASTER.inc
                 I2C_READ   0x0000d6    program     static /Projects/I2CTest/I2C_MASTER.inc
               I2C_READ_1   0x0000df    program     static /Projects/I2CTest/I2C_MASTER.inc
               I2C_READ_2   0x0000e6    program     static /Projects/I2CTest/I2C_MASTER.inc
               I2C_READ_3   0x0000f0    program     static /Projects/I2CTest/I2C_MASTER.inc
             I2C_READ_End   0x0000f7    program     static /Projects/I2CTest/I2C_MASTER.inc
         I2C_GetSlaveAddr   0x0000fc    program     static /Projects/I2CTest/I2C_MASTER.inc
           I2C_Set_TX_PTR   0x000104    program     static /Projects/I2CTest/I2C_MASTER.inc
        I2C_Set_TX_PTR_E2   0x000109    program     static /Projects/I2CTest/I2C_MASTER.inc
        I2C_Set_TX_PTR_L1   0x000111    program     static /Projects/I2CTest/I2C_MASTER.inc
           I2C_Set_RX_PTR   0x000118    program     static /Projects/I2CTest/I2C_MASTER.inc
                    start   0x00011e    program     static /Projects/I2CTest/TestI2CMaster.asm
                 MainLoop   0x000143    program     static /Projects/I2CTest/TestI2CMaster.asm
           I2C_DataInturp   0x000148    program     static /Projects/I2CTest/TestI2CMaster.asm
           I2C_DataSender   0x00015e    program     static /Projects/I2CTest/TestI2CMaster.asm
                 ClearRam   0x000173    program     static /Projects/I2CTest/F1822_Common.inc
              ClearRam_L2   0x00017e    program     static /Projects/I2CTest/F1822_Common.inc
                DecTimer4   0x000183    program     static /Projects/I2CTest/F1822_Common.inc
                DecTimer3   0x000185    program     static /Projects/I2CTest/F1822_Common.inc
                DecTimer2   0x000187    program     static /Projects/I2CTest/F1822_Common.inc
                DecTimer1   0x000189    program     static /Projects/I2CTest/F1822_Common.inc
                 DecTimer   0x00018a    program     static /Projects/I2CTest/F1822_Common.inc
              TestT4_Zero   0x000196    program     static /Projects/I2CTest/F1822_Common.inc
              TestT3_Zero   0x000199    program     static /Projects/I2CTest/F1822_Common.inc
              TestT2_Zero   0x00019c    program     static /Projects/I2CTest/F1822_Common.inc
              TestT1_Zero   0x00019f    program     static /Projects/I2CTest/F1822_Common.inc
                Delay10uS   0x0001a2    program     static /Projects/I2CTest/F1822_Common.inc
               Delay100uS   0x0001a4    program     static /Projects/I2CTest/F1822_Common.inc
                Delay40uS   0x0001a6    program     static /Projects/I2CTest/F1822_Common.inc
                 DelayWuS   0x0001a7    program     static /Projects/I2CTest/F1822_Common.inc
            DelayWuS_Loop   0x0001a8    program     static /Projects/I2CTest/F1822_Common.inc
                  EEReadW   0x0001ab    program     static /Projects/I2CTest/F1822_Common.inc
                   EERead   0x0001ac    program     static /Projects/I2CTest/F1822_Common.inc
                 EEWriteW   0x0001b5    program     static /Projects/I2CTest/F1822_Common.inc
                  EEWrite   0x0001b6    program     static /Projects/I2CTest/F1822_Common.inc
              EEWriteLoop   0x0001c8    program     static /Projects/I2CTest/F1822_Common.inc
             I2C_ARRAY_TX   0x0000a0       data     static /Projects/I2CTest/TestI2CMaster.asm
             I2C_ARRAY_RX   0x0000ac       data     static /Projects/I2CTest/TestI2CMaster.asm


