MPLINK 5.08, LINKER
Linker Map File - Created Tue Nov  3 16:35:12 2015

                                 Section Info
                  Section       Type    Address   Location Size(Bytes)
                ---------  ---------  ---------  ---------  ---------
                   .org_0       code   0x000000    program   0x000006
                   .org_1       code   0x000004    program   0x00037e
                   .cinit    romdata   0x0001c3    program   0x000004
                  .idlocs       code   0x008000    program   0x000008
.config_8007_BUILD/DEFAULT/PRODUCTION/_EXT/18       code   0x008007    program   0x000002
.config_8008_BUILD/DEFAULT/PRODUCTION/_EXT/18       code   0x008008    program   0x000002
              I2C_Buffers      udata   0x0000a0       data   0x000018



                              Program Memory Usage 
                               Start         End      
                           ---------   ---------      
                            0x000000    0x000002      
                            0x000004    0x0001c4      
                            0x008000    0x008003      
                            0x008007    0x008008      
            458 out of 2311 program addresses used, program memory utilization is 19%



                              Symbols - Sorted by Name
                     Name    Address   Location    Storage File                     
                ---------  ---------  ---------  --------- ---------                
                 ClearRam   0x00016a    program     static /Projects/I2CTest/F1822_Common.inc
              ClearRam_L2   0x000175    program     static /Projects/I2CTest/F1822_Common.inc
                 DecTimer   0x000181    program     static /Projects/I2CTest/F1822_Common.inc
                DecTimer1   0x000180    program     static /Projects/I2CTest/F1822_Common.inc
                DecTimer2   0x00017e    program     static /Projects/I2CTest/F1822_Common.inc
                DecTimer3   0x00017c    program     static /Projects/I2CTest/F1822_Common.inc
                DecTimer4   0x00017a    program     static /Projects/I2CTest/F1822_Common.inc
               Delay100uS   0x00019b    program     static /Projects/I2CTest/F1822_Common.inc
                Delay10uS   0x000199    program     static /Projects/I2CTest/F1822_Common.inc
                Delay40uS   0x00019d    program     static /Projects/I2CTest/F1822_Common.inc
                 DelayWuS   0x00019e    program     static /Projects/I2CTest/F1822_Common.inc
            DelayWuS_Loop   0x00019f    program     static /Projects/I2CTest/F1822_Common.inc
                   EERead   0x0001a3    program     static /Projects/I2CTest/F1822_Common.inc
                  EEReadW   0x0001a2    program     static /Projects/I2CTest/F1822_Common.inc
                  EEWrite   0x0001ad    program     static /Projects/I2CTest/F1822_Common.inc
              EEWriteLoop   0x0001bf    program     static /Projects/I2CTest/F1822_Common.inc
                 EEWriteW   0x0001ac    program     static /Projects/I2CTest/F1822_Common.inc
           I2C_DataInturp   0x000141    program     static /Projects/I2CTest/TestI2CMaster.asm
           I2C_DataSender   0x000156    program     static /Projects/I2CTest/TestI2CMaster.asm
         I2C_GetSlaveAddr   0x0000f5    program     static /Projects/I2CTest/I2C_MASTER.inc
                 I2C_READ   0x0000cf    program     static /Projects/I2CTest/I2C_MASTER.inc
               I2C_READ_1   0x0000d8    program     static /Projects/I2CTest/I2C_MASTER.inc
               I2C_READ_2   0x0000df    program     static /Projects/I2CTest/I2C_MASTER.inc
               I2C_READ_3   0x0000e9    program     static /Projects/I2CTest/I2C_MASTER.inc
             I2C_READ_End   0x0000f0    program     static /Projects/I2CTest/I2C_MASTER.inc
          I2C_READ_Return   0x000022    program     static /Projects/I2CTest/TestI2CMaster.asm
           I2C_Set_RX_PTR   0x000111    program     static /Projects/I2CTest/I2C_MASTER.inc
           I2C_Set_TX_PTR   0x0000fd    program     static /Projects/I2CTest/I2C_MASTER.inc
        I2C_Set_TX_PTR_E2   0x000102    program     static /Projects/I2CTest/I2C_MASTER.inc
        I2C_Set_TX_PTR_L1   0x00010a    program     static /Projects/I2CTest/I2C_MASTER.inc
             I2C_StartSeq   0x000074    program     static /Projects/I2CTest/I2C_MASTER.inc
       I2C_Start_Read_Seq   0x0000a6    program     static /Projects/I2CTest/I2C_MASTER.inc
      I2C_Start_Write_Seq   0x00009e    program     static /Projects/I2CTest/I2C_MASTER.inc
                I2C_Write   0x0000ad    program     static /Projects/I2CTest/I2C_MASTER.inc
              I2C_Write_1   0x0000c6    program     static /Projects/I2CTest/I2C_MASTER.inc
            I2C_Write_End   0x0000c9    program     static /Projects/I2CTest/I2C_MASTER.inc
         I2C_Write_Return   0x000022    program     static /Projects/I2CTest/TestI2CMaster.asm
         I2C_Write_TXData   0x0000b8    program     static /Projects/I2CTest/I2C_MASTER.inc
                    IRQ_2   0x00001b    program     static /Projects/I2CTest/TestI2CMaster.asm
                    IRQ_4   0x00001b    program     static /Projects/I2CTest/TestI2CMaster.asm
                IRQ_4_End   0x000024    program     static /Projects/I2CTest/TestI2CMaster.asm
                    IRQ_5   0x000024    program     static /Projects/I2CTest/TestI2CMaster.asm
                IRQ_5_End   0x00002b    program     static /Projects/I2CTest/TestI2CMaster.asm
                 Idle_I2C   0x000032    program     static /Projects/I2CTest/I2C_MASTER.inc
           Idle_I2C_B0Rtn   0x000039    program     static /Projects/I2CTest/I2C_MASTER.inc
            Idle_I2C_Read   0x00004a    program     static /Projects/I2CTest/I2C_MASTER.inc
          Idle_I2C_Read_1   0x000052    program     static /Projects/I2CTest/I2C_MASTER.inc
          Idle_I2C_Read_2   0x000059    program     static /Projects/I2CTest/I2C_MASTER.inc
          Idle_I2C_Read_3   0x00005b    program     static /Projects/I2CTest/I2C_MASTER.inc
          Idle_I2C_Read_4   0x00006b    program     static /Projects/I2CTest/I2C_MASTER.inc
         Idle_I2C_Write_1   0x00003b    program     static /Projects/I2CTest/I2C_MASTER.inc
         Idle_I2C_Write_2   0x000041    program     static /Projects/I2CTest/I2C_MASTER.inc
                 Init_I2C   0x000077    program     static /Projects/I2CTest/I2C_MASTER.inc
              Init_I2C_L1   0x00007e    program     static /Projects/I2CTest/I2C_MASTER.inc
              Init_I2C_L2   0x000089    program     static /Projects/I2CTest/I2C_MASTER.inc
                 MainLoop   0x00013c    program     static /Projects/I2CTest/TestI2CMaster.asm
          SystemBlinkDone   0x000018    program     static /Projects/I2CTest/TestI2CMaster.asm
          SystemBlink_end   0x00001b    program     static /Projects/I2CTest/TestI2CMaster.asm
              TestT1_Zero   0x000196    program     static /Projects/I2CTest/F1822_Common.inc
              TestT2_Zero   0x000193    program     static /Projects/I2CTest/F1822_Common.inc
              TestT3_Zero   0x000190    program     static /Projects/I2CTest/F1822_Common.inc
              TestT4_Zero   0x00018d    program     static /Projects/I2CTest/F1822_Common.inc
             ToggleSysLED   0x00002c    program     static /Projects/I2CTest/TestI2CMaster.asm
             _.org_1_0048   0x000048    program     static /Projects/I2CTest/I2C_MASTER.inc
             _.org_1_0072   0x000072    program     static /Projects/I2CTest/I2C_MASTER.inc
                    start   0x000117    program     static /Projects/I2CTest/TestI2CMaster.asm
             I2C_ARRAY_RX   0x0000ac       data     static /Projects/I2CTest/TestI2CMaster.asm
             I2C_ARRAY_TX   0x0000a0       data     static /Projects/I2CTest/TestI2CMaster.asm



                              Symbols - Sorted by Address
                     Name    Address   Location    Storage File                     
                ---------  ---------  ---------  --------- ---------                
          SystemBlinkDone   0x000018    program     static /Projects/I2CTest/TestI2CMaster.asm
          SystemBlink_end   0x00001b    program     static /Projects/I2CTest/TestI2CMaster.asm
                    IRQ_2   0x00001b    program     static /Projects/I2CTest/TestI2CMaster.asm
                    IRQ_4   0x00001b    program     static /Projects/I2CTest/TestI2CMaster.asm
          I2C_READ_Return   0x000022    program     static /Projects/I2CTest/TestI2CMaster.asm
         I2C_Write_Return   0x000022    program     static /Projects/I2CTest/TestI2CMaster.asm
                    IRQ_5   0x000024    program     static /Projects/I2CTest/TestI2CMaster.asm
                IRQ_4_End   0x000024    program     static /Projects/I2CTest/TestI2CMaster.asm
                IRQ_5_End   0x00002b    program     static /Projects/I2CTest/TestI2CMaster.asm
             ToggleSysLED   0x00002c    program     static /Projects/I2CTest/TestI2CMaster.asm
                 Idle_I2C   0x000032    program     static /Projects/I2CTest/I2C_MASTER.inc
           Idle_I2C_B0Rtn   0x000039    program     static /Projects/I2CTest/I2C_MASTER.inc
         Idle_I2C_Write_1   0x00003b    program     static /Projects/I2CTest/I2C_MASTER.inc
         Idle_I2C_Write_2   0x000041    program     static /Projects/I2CTest/I2C_MASTER.inc
             _.org_1_0048   0x000048    program     static /Projects/I2CTest/I2C_MASTER.inc
            Idle_I2C_Read   0x00004a    program     static /Projects/I2CTest/I2C_MASTER.inc
          Idle_I2C_Read_1   0x000052    program     static /Projects/I2CTest/I2C_MASTER.inc
          Idle_I2C_Read_2   0x000059    program     static /Projects/I2CTest/I2C_MASTER.inc
          Idle_I2C_Read_3   0x00005b    program     static /Projects/I2CTest/I2C_MASTER.inc
          Idle_I2C_Read_4   0x00006b    program     static /Projects/I2CTest/I2C_MASTER.inc
             _.org_1_0072   0x000072    program     static /Projects/I2CTest/I2C_MASTER.inc
             I2C_StartSeq   0x000074    program     static /Projects/I2CTest/I2C_MASTER.inc
                 Init_I2C   0x000077    program     static /Projects/I2CTest/I2C_MASTER.inc
              Init_I2C_L1   0x00007e    program     static /Projects/I2CTest/I2C_MASTER.inc
              Init_I2C_L2   0x000089    program     static /Projects/I2CTest/I2C_MASTER.inc
      I2C_Start_Write_Seq   0x00009e    program     static /Projects/I2CTest/I2C_MASTER.inc
       I2C_Start_Read_Seq   0x0000a6    program     static /Projects/I2CTest/I2C_MASTER.inc
                I2C_Write   0x0000ad    program     static /Projects/I2CTest/I2C_MASTER.inc
         I2C_Write_TXData   0x0000b8    program     static /Projects/I2CTest/I2C_MASTER.inc
              I2C_Write_1   0x0000c6    program     static /Projects/I2CTest/I2C_MASTER.inc
            I2C_Write_End   0x0000c9    program     static /Projects/I2CTest/I2C_MASTER.inc
                 I2C_READ   0x0000cf    program     static /Projects/I2CTest/I2C_MASTER.inc
               I2C_READ_1   0x0000d8    program     static /Projects/I2CTest/I2C_MASTER.inc
               I2C_READ_2   0x0000df    program     static /Projects/I2CTest/I2C_MASTER.inc
               I2C_READ_3   0x0000e9    program     static /Projects/I2CTest/I2C_MASTER.inc
             I2C_READ_End   0x0000f0    program     static /Projects/I2CTest/I2C_MASTER.inc
         I2C_GetSlaveAddr   0x0000f5    program     static /Projects/I2CTest/I2C_MASTER.inc
           I2C_Set_TX_PTR   0x0000fd    program     static /Projects/I2CTest/I2C_MASTER.inc
        I2C_Set_TX_PTR_E2   0x000102    program     static /Projects/I2CTest/I2C_MASTER.inc
        I2C_Set_TX_PTR_L1   0x00010a    program     static /Projects/I2CTest/I2C_MASTER.inc
           I2C_Set_RX_PTR   0x000111    program     static /Projects/I2CTest/I2C_MASTER.inc
                    start   0x000117    program     static /Projects/I2CTest/TestI2CMaster.asm
                 MainLoop   0x00013c    program     static /Projects/I2CTest/TestI2CMaster.asm
           I2C_DataInturp   0x000141    program     static /Projects/I2CTest/TestI2CMaster.asm
           I2C_DataSender   0x000156    program     static /Projects/I2CTest/TestI2CMaster.asm
                 ClearRam   0x00016a    program     static /Projects/I2CTest/F1822_Common.inc
              ClearRam_L2   0x000175    program     static /Projects/I2CTest/F1822_Common.inc
                DecTimer4   0x00017a    program     static /Projects/I2CTest/F1822_Common.inc
                DecTimer3   0x00017c    program     static /Projects/I2CTest/F1822_Common.inc
                DecTimer2   0x00017e    program     static /Projects/I2CTest/F1822_Common.inc
                DecTimer1   0x000180    program     static /Projects/I2CTest/F1822_Common.inc
                 DecTimer   0x000181    program     static /Projects/I2CTest/F1822_Common.inc
              TestT4_Zero   0x00018d    program     static /Projects/I2CTest/F1822_Common.inc
              TestT3_Zero   0x000190    program     static /Projects/I2CTest/F1822_Common.inc
              TestT2_Zero   0x000193    program     static /Projects/I2CTest/F1822_Common.inc
              TestT1_Zero   0x000196    program     static /Projects/I2CTest/F1822_Common.inc
                Delay10uS   0x000199    program     static /Projects/I2CTest/F1822_Common.inc
               Delay100uS   0x00019b    program     static /Projects/I2CTest/F1822_Common.inc
                Delay40uS   0x00019d    program     static /Projects/I2CTest/F1822_Common.inc
                 DelayWuS   0x00019e    program     static /Projects/I2CTest/F1822_Common.inc
            DelayWuS_Loop   0x00019f    program     static /Projects/I2CTest/F1822_Common.inc
                  EEReadW   0x0001a2    program     static /Projects/I2CTest/F1822_Common.inc
                   EERead   0x0001a3    program     static /Projects/I2CTest/F1822_Common.inc
                 EEWriteW   0x0001ac    program     static /Projects/I2CTest/F1822_Common.inc
                  EEWrite   0x0001ad    program     static /Projects/I2CTest/F1822_Common.inc
              EEWriteLoop   0x0001bf    program     static /Projects/I2CTest/F1822_Common.inc
             I2C_ARRAY_TX   0x0000a0       data     static /Projects/I2CTest/TestI2CMaster.asm
             I2C_ARRAY_RX   0x0000ac       data     static /Projects/I2CTest/TestI2CMaster.asm


