MPLINK 5.08, LINKER
Linker Map File - Created Mon Nov  9 15:32:33 2015

                                 Section Info
                  Section       Type    Address   Location Size(Bytes)
                ---------  ---------  ---------  ---------  ---------
                   .org_0       code   0x000000    program   0x000006
                   .org_1       code   0x000004    program   0x0002b4
                   .cinit    romdata   0x00015e    program   0x000004
                  .idlocs       code   0x008000    program   0x000008
.config_8007_BUILD/DEFAULT/PRODUCTION/_EXT/18       code   0x008007    program   0x000002
.config_8008_BUILD/DEFAULT/PRODUCTION/_EXT/18       code   0x008008    program   0x000002
              I2C_Buffers      udata   0x0000a0       data   0x000010



                              Program Memory Usage 
                               Start         End      
                           ---------   ---------      
                            0x000000    0x000002      
                            0x000004    0x00015f      
                            0x008000    0x008003      
                            0x008007    0x008008      
            357 out of 2311 program addresses used, program memory utilization is 15%



                              Symbols - Sorted by Name
                     Name    Address   Location    Storage File                     
                ---------  ---------  ---------  --------- ---------                
                 ClearRam   0x000105    program     static /Projects/I2CTest/F1822_Common.inc
              ClearRam_L2   0x000110    program     static /Projects/I2CTest/F1822_Common.inc
                 DecTimer   0x00011c    program     static /Projects/I2CTest/F1822_Common.inc
                DecTimer1   0x00011b    program     static /Projects/I2CTest/F1822_Common.inc
                DecTimer2   0x000119    program     static /Projects/I2CTest/F1822_Common.inc
                DecTimer3   0x000117    program     static /Projects/I2CTest/F1822_Common.inc
                DecTimer4   0x000115    program     static /Projects/I2CTest/F1822_Common.inc
               Delay100uS   0x000136    program     static /Projects/I2CTest/F1822_Common.inc
                Delay10uS   0x000134    program     static /Projects/I2CTest/F1822_Common.inc
                Delay40uS   0x000138    program     static /Projects/I2CTest/F1822_Common.inc
                 DelayWuS   0x000139    program     static /Projects/I2CTest/F1822_Common.inc
            DelayWuS_Loop   0x00013a    program     static /Projects/I2CTest/F1822_Common.inc
                   EERead   0x00013e    program     static /Projects/I2CTest/F1822_Common.inc
                  EEReadW   0x00013d    program     static /Projects/I2CTest/F1822_Common.inc
                  EEWrite   0x000148    program     static /Projects/I2CTest/F1822_Common.inc
              EEWriteLoop   0x00015a    program     static /Projects/I2CTest/F1822_Common.inc
                 EEWriteW   0x000147    program     static /Projects/I2CTest/F1822_Common.inc
           I2C_DataInturp   0x0000df    program     static /Projects/I2CTest/TestI2CSlave.asm
           I2C_DataSender   0x0000f5    program     static /Projects/I2CTest/TestI2CSlave.asm
                  I2C_ISR   0x00005c    program     static /Projects/I2CTest/I2C_SLAVE.inc
                 I2C_Idle   0x00002d    program     static /Projects/I2CTest/I2C_SLAVE.inc
                I2C_WRITE   0x00008e    program     static /Projects/I2CTest/I2C_SLAVE.inc
                    IRQ_2   0x00001b    program     static /Projects/I2CTest/TestI2CSlave.asm
                    IRQ_5   0x00001e    program     static /Projects/I2CTest/TestI2CSlave.asm
                IRQ_5_End   0x000026    program     static /Projects/I2CTest/TestI2CSlave.asm
                 Init_I2C   0x000031    program     static /Projects/I2CTest/I2C_SLAVE.inc
              Init_I2C_L1   0x000039    program     static /Projects/I2CTest/I2C_SLAVE.inc
              Init_I2C_L2   0x000043    program     static /Projects/I2CTest/I2C_SLAVE.inc
                 MainLoop   0x0000da    program     static /Projects/I2CTest/TestI2CSlave.asm
         NO_MEM_OVERWRITE   0x0000b2    program     static /Projects/I2CTest/I2C_SLAVE.inc
                R_ADDRESS   0x000063    program     static /Projects/I2CTest/I2C_SLAVE.inc
                R_Add_ACK   0x000069    program     static /Projects/I2CTest/I2C_SLAVE.inc
                   R_DATA   0x000076    program     static /Projects/I2CTest/I2C_SLAVE.inc
              R_Data_NACK   0x00008c    program     static /Projects/I2CTest/I2C_SLAVE.inc
                R_PastEnd   0x000085    program     static /Projects/I2CTest/I2C_SLAVE.inc
          SystemBlinkDone   0x000018    program     static /Projects/I2CTest/TestI2CSlave.asm
          SystemBlink_end   0x00001b    program     static /Projects/I2CTest/TestI2CSlave.asm
              TestT1_Zero   0x000131    program     static /Projects/I2CTest/F1822_Common.inc
              TestT2_Zero   0x00012e    program     static /Projects/I2CTest/F1822_Common.inc
              TestT3_Zero   0x00012b    program     static /Projects/I2CTest/F1822_Common.inc
              TestT4_Zero   0x000128    program     static /Projects/I2CTest/F1822_Common.inc
             ToggleSysLED   0x000027    program     static /Projects/I2CTest/TestI2CSlave.asm
                    W_ACK   0x000094    program     static /Projects/I2CTest/I2C_SLAVE.inc
                W_ADDRESS   0x000090    program     static /Projects/I2CTest/I2C_SLAVE.inc
                   W_DATA   0x000096    program     static /Projects/I2CTest/I2C_SLAVE.inc
              W_Data_Stop   0x0000b0    program     static /Projects/I2CTest/I2C_SLAVE.inc
                    start   0x0000b4    program     static /Projects/I2CTest/TestI2CSlave.asm
             I2C_ARRAY_RX   0x0000a8       data     static /Projects/I2CTest/TestI2CSlave.asm
             I2C_ARRAY_TX   0x0000a0       data     static /Projects/I2CTest/TestI2CSlave.asm



                              Symbols - Sorted by Address
                     Name    Address   Location    Storage File                     
                ---------  ---------  ---------  --------- ---------                
          SystemBlinkDone   0x000018    program     static /Projects/I2CTest/TestI2CSlave.asm
                    IRQ_2   0x00001b    program     static /Projects/I2CTest/TestI2CSlave.asm
          SystemBlink_end   0x00001b    program     static /Projects/I2CTest/TestI2CSlave.asm
                    IRQ_5   0x00001e    program     static /Projects/I2CTest/TestI2CSlave.asm
                IRQ_5_End   0x000026    program     static /Projects/I2CTest/TestI2CSlave.asm
             ToggleSysLED   0x000027    program     static /Projects/I2CTest/TestI2CSlave.asm
                 I2C_Idle   0x00002d    program     static /Projects/I2CTest/I2C_SLAVE.inc
                 Init_I2C   0x000031    program     static /Projects/I2CTest/I2C_SLAVE.inc
              Init_I2C_L1   0x000039    program     static /Projects/I2CTest/I2C_SLAVE.inc
              Init_I2C_L2   0x000043    program     static /Projects/I2CTest/I2C_SLAVE.inc
                  I2C_ISR   0x00005c    program     static /Projects/I2CTest/I2C_SLAVE.inc
                R_ADDRESS   0x000063    program     static /Projects/I2CTest/I2C_SLAVE.inc
                R_Add_ACK   0x000069    program     static /Projects/I2CTest/I2C_SLAVE.inc
                   R_DATA   0x000076    program     static /Projects/I2CTest/I2C_SLAVE.inc
                R_PastEnd   0x000085    program     static /Projects/I2CTest/I2C_SLAVE.inc
              R_Data_NACK   0x00008c    program     static /Projects/I2CTest/I2C_SLAVE.inc
                I2C_WRITE   0x00008e    program     static /Projects/I2CTest/I2C_SLAVE.inc
                W_ADDRESS   0x000090    program     static /Projects/I2CTest/I2C_SLAVE.inc
                    W_ACK   0x000094    program     static /Projects/I2CTest/I2C_SLAVE.inc
                   W_DATA   0x000096    program     static /Projects/I2CTest/I2C_SLAVE.inc
              W_Data_Stop   0x0000b0    program     static /Projects/I2CTest/I2C_SLAVE.inc
         NO_MEM_OVERWRITE   0x0000b2    program     static /Projects/I2CTest/I2C_SLAVE.inc
                    start   0x0000b4    program     static /Projects/I2CTest/TestI2CSlave.asm
                 MainLoop   0x0000da    program     static /Projects/I2CTest/TestI2CSlave.asm
           I2C_DataInturp   0x0000df    program     static /Projects/I2CTest/TestI2CSlave.asm
           I2C_DataSender   0x0000f5    program     static /Projects/I2CTest/TestI2CSlave.asm
                 ClearRam   0x000105    program     static /Projects/I2CTest/F1822_Common.inc
              ClearRam_L2   0x000110    program     static /Projects/I2CTest/F1822_Common.inc
                DecTimer4   0x000115    program     static /Projects/I2CTest/F1822_Common.inc
                DecTimer3   0x000117    program     static /Projects/I2CTest/F1822_Common.inc
                DecTimer2   0x000119    program     static /Projects/I2CTest/F1822_Common.inc
                DecTimer1   0x00011b    program     static /Projects/I2CTest/F1822_Common.inc
                 DecTimer   0x00011c    program     static /Projects/I2CTest/F1822_Common.inc
              TestT4_Zero   0x000128    program     static /Projects/I2CTest/F1822_Common.inc
              TestT3_Zero   0x00012b    program     static /Projects/I2CTest/F1822_Common.inc
              TestT2_Zero   0x00012e    program     static /Projects/I2CTest/F1822_Common.inc
              TestT1_Zero   0x000131    program     static /Projects/I2CTest/F1822_Common.inc
                Delay10uS   0x000134    program     static /Projects/I2CTest/F1822_Common.inc
               Delay100uS   0x000136    program     static /Projects/I2CTest/F1822_Common.inc
                Delay40uS   0x000138    program     static /Projects/I2CTest/F1822_Common.inc
                 DelayWuS   0x000139    program     static /Projects/I2CTest/F1822_Common.inc
            DelayWuS_Loop   0x00013a    program     static /Projects/I2CTest/F1822_Common.inc
                  EEReadW   0x00013d    program     static /Projects/I2CTest/F1822_Common.inc
                   EERead   0x00013e    program     static /Projects/I2CTest/F1822_Common.inc
                 EEWriteW   0x000147    program     static /Projects/I2CTest/F1822_Common.inc
                  EEWrite   0x000148    program     static /Projects/I2CTest/F1822_Common.inc
              EEWriteLoop   0x00015a    program     static /Projects/I2CTest/F1822_Common.inc
             I2C_ARRAY_TX   0x0000a0       data     static /Projects/I2CTest/TestI2CSlave.asm
             I2C_ARRAY_RX   0x0000a8       data     static /Projects/I2CTest/TestI2CSlave.asm


