MPLINK 5.08, LINKER
Linker Map File - Created Tue Nov  3 16:34:07 2015

                                 Section Info
                  Section       Type    Address   Location Size(Bytes)
                ---------  ---------  ---------  ---------  ---------
                   .org_0       code   0x000000    program   0x000006
                   .org_1       code   0x000004    program   0x00028e
                   .cinit    romdata   0x00014b    program   0x000004
                  .idlocs       code   0x008000    program   0x000008
.config_8007_BUILD/DEFAULT/PRODUCTION/_EXT/18       code   0x008007    program   0x000002
.config_8008_BUILD/DEFAULT/PRODUCTION/_EXT/18       code   0x008008    program   0x000002
              I2C_Buffers      udata   0x0000a0       data   0x000008



                              Program Memory Usage 
                               Start         End      
                           ---------   ---------      
                            0x000000    0x000002      
                            0x000004    0x00014c      
                            0x008000    0x008003      
                            0x008007    0x008008      
            338 out of 2311 program addresses used, program memory utilization is 14%



                              Symbols - Sorted by Name
                     Name    Address   Location    Storage File                     
                ---------  ---------  ---------  --------- ---------                
                 ClearRam   0x0000f2    program     static /Projects/I2CTest/F1822_Common.inc
              ClearRam_L2   0x0000fd    program     static /Projects/I2CTest/F1822_Common.inc
                 DecTimer   0x000109    program     static /Projects/I2CTest/F1822_Common.inc
                DecTimer1   0x000108    program     static /Projects/I2CTest/F1822_Common.inc
                DecTimer2   0x000106    program     static /Projects/I2CTest/F1822_Common.inc
                DecTimer3   0x000104    program     static /Projects/I2CTest/F1822_Common.inc
                DecTimer4   0x000102    program     static /Projects/I2CTest/F1822_Common.inc
               Delay100uS   0x000123    program     static /Projects/I2CTest/F1822_Common.inc
                Delay10uS   0x000121    program     static /Projects/I2CTest/F1822_Common.inc
                Delay40uS   0x000125    program     static /Projects/I2CTest/F1822_Common.inc
                 DelayWuS   0x000126    program     static /Projects/I2CTest/F1822_Common.inc
            DelayWuS_Loop   0x000127    program     static /Projects/I2CTest/F1822_Common.inc
                   EERead   0x00012b    program     static /Projects/I2CTest/F1822_Common.inc
                  EEReadW   0x00012a    program     static /Projects/I2CTest/F1822_Common.inc
                  EEWrite   0x000135    program     static /Projects/I2CTest/F1822_Common.inc
              EEWriteLoop   0x000147    program     static /Projects/I2CTest/F1822_Common.inc
                 EEWriteW   0x000134    program     static /Projects/I2CTest/F1822_Common.inc
           I2C_DataInturp   0x0000ce    program     static /Projects/I2CTest/TestI2CSlave.asm
           I2C_DataSender   0x0000e3    program     static /Projects/I2CTest/TestI2CSlave.asm
                 I2C_READ   0x000059    program     static /Projects/I2CTest/I2C_SLAVE.inc
          I2C_READ_Return   0x000022    program     static /Projects/I2CTest/TestI2CSlave.asm
                I2C_WRITE   0x000080    program     static /Projects/I2CTest/I2C_SLAVE.inc
         I2C_WRITE_Return   0x000022    program     static /Projects/I2CTest/TestI2CSlave.asm
                    IRQ_2   0x00001b    program     static /Projects/I2CTest/TestI2CSlave.asm
                    IRQ_4   0x00001b    program     static /Projects/I2CTest/TestI2CSlave.asm
                IRQ_4_End   0x000024    program     static /Projects/I2CTest/TestI2CSlave.asm
                    IRQ_5   0x000024    program     static /Projects/I2CTest/TestI2CSlave.asm
                IRQ_5_End   0x00002e    program     static /Projects/I2CTest/TestI2CSlave.asm
                 Init_I2C   0x000035    program     static /Projects/I2CTest/I2C_SLAVE.inc
              Init_I2C_L1   0x00003c    program     static /Projects/I2CTest/I2C_SLAVE.inc
              Init_I2C_L2   0x000046    program     static /Projects/I2CTest/I2C_SLAVE.inc
                 MainLoop   0x0000ca    program     static /Projects/I2CTest/TestI2CSlave.asm
         NO_MEM_OVERWRITE   0x00009e    program     static /Projects/I2CTest/I2C_SLAVE.inc
                R_ADDRESS   0x00005b    program     static /Projects/I2CTest/I2C_SLAVE.inc
                   R_DATA   0x00006b    program     static /Projects/I2CTest/I2C_SLAVE.inc
          SystemBlinkDone   0x000018    program     static /Projects/I2CTest/TestI2CSlave.asm
          SystemBlink_end   0x00001b    program     static /Projects/I2CTest/TestI2CSlave.asm
              TestT1_Zero   0x00011e    program     static /Projects/I2CTest/F1822_Common.inc
              TestT2_Zero   0x00011b    program     static /Projects/I2CTest/F1822_Common.inc
              TestT3_Zero   0x000118    program     static /Projects/I2CTest/F1822_Common.inc
              TestT4_Zero   0x000115    program     static /Projects/I2CTest/F1822_Common.inc
             ToggleSysLED   0x00002f    program     static /Projects/I2CTest/TestI2CSlave.asm
               WRITE_COLL   0x0000a1    program     static /Projects/I2CTest/I2C_SLAVE.inc
                W_ADDRESS   0x000082    program     static /Projects/I2CTest/I2C_SLAVE.inc
                   W_DATA   0x000087    program     static /Projects/I2CTest/I2C_SLAVE.inc
                 W_DATA_1   0x00009c    program     static /Projects/I2CTest/I2C_SLAVE.inc
                    start   0x0000a4    program     static /Projects/I2CTest/TestI2CSlave.asm
             I2C_ARRAY_RX   0x0000a4       data     static /Projects/I2CTest/TestI2CSlave.asm
             I2C_ARRAY_TX   0x0000a0       data     static /Projects/I2CTest/TestI2CSlave.asm



                              Symbols - Sorted by Address
                     Name    Address   Location    Storage File                     
                ---------  ---------  ---------  --------- ---------                
          SystemBlinkDone   0x000018    program     static /Projects/I2CTest/TestI2CSlave.asm
                    IRQ_2   0x00001b    program     static /Projects/I2CTest/TestI2CSlave.asm
                    IRQ_4   0x00001b    program     static /Projects/I2CTest/TestI2CSlave.asm
          SystemBlink_end   0x00001b    program     static /Projects/I2CTest/TestI2CSlave.asm
         I2C_WRITE_Return   0x000022    program     static /Projects/I2CTest/TestI2CSlave.asm
          I2C_READ_Return   0x000022    program     static /Projects/I2CTest/TestI2CSlave.asm
                IRQ_4_End   0x000024    program     static /Projects/I2CTest/TestI2CSlave.asm
                    IRQ_5   0x000024    program     static /Projects/I2CTest/TestI2CSlave.asm
                IRQ_5_End   0x00002e    program     static /Projects/I2CTest/TestI2CSlave.asm
             ToggleSysLED   0x00002f    program     static /Projects/I2CTest/TestI2CSlave.asm
                 Init_I2C   0x000035    program     static /Projects/I2CTest/I2C_SLAVE.inc
              Init_I2C_L1   0x00003c    program     static /Projects/I2CTest/I2C_SLAVE.inc
              Init_I2C_L2   0x000046    program     static /Projects/I2CTest/I2C_SLAVE.inc
                 I2C_READ   0x000059    program     static /Projects/I2CTest/I2C_SLAVE.inc
                R_ADDRESS   0x00005b    program     static /Projects/I2CTest/I2C_SLAVE.inc
                   R_DATA   0x00006b    program     static /Projects/I2CTest/I2C_SLAVE.inc
                I2C_WRITE   0x000080    program     static /Projects/I2CTest/I2C_SLAVE.inc
                W_ADDRESS   0x000082    program     static /Projects/I2CTest/I2C_SLAVE.inc
                   W_DATA   0x000087    program     static /Projects/I2CTest/I2C_SLAVE.inc
                 W_DATA_1   0x00009c    program     static /Projects/I2CTest/I2C_SLAVE.inc
         NO_MEM_OVERWRITE   0x00009e    program     static /Projects/I2CTest/I2C_SLAVE.inc
               WRITE_COLL   0x0000a1    program     static /Projects/I2CTest/I2C_SLAVE.inc
                    start   0x0000a4    program     static /Projects/I2CTest/TestI2CSlave.asm
                 MainLoop   0x0000ca    program     static /Projects/I2CTest/TestI2CSlave.asm
           I2C_DataInturp   0x0000ce    program     static /Projects/I2CTest/TestI2CSlave.asm
           I2C_DataSender   0x0000e3    program     static /Projects/I2CTest/TestI2CSlave.asm
                 ClearRam   0x0000f2    program     static /Projects/I2CTest/F1822_Common.inc
              ClearRam_L2   0x0000fd    program     static /Projects/I2CTest/F1822_Common.inc
                DecTimer4   0x000102    program     static /Projects/I2CTest/F1822_Common.inc
                DecTimer3   0x000104    program     static /Projects/I2CTest/F1822_Common.inc
                DecTimer2   0x000106    program     static /Projects/I2CTest/F1822_Common.inc
                DecTimer1   0x000108    program     static /Projects/I2CTest/F1822_Common.inc
                 DecTimer   0x000109    program     static /Projects/I2CTest/F1822_Common.inc
              TestT4_Zero   0x000115    program     static /Projects/I2CTest/F1822_Common.inc
              TestT3_Zero   0x000118    program     static /Projects/I2CTest/F1822_Common.inc
              TestT2_Zero   0x00011b    program     static /Projects/I2CTest/F1822_Common.inc
              TestT1_Zero   0x00011e    program     static /Projects/I2CTest/F1822_Common.inc
                Delay10uS   0x000121    program     static /Projects/I2CTest/F1822_Common.inc
               Delay100uS   0x000123    program     static /Projects/I2CTest/F1822_Common.inc
                Delay40uS   0x000125    program     static /Projects/I2CTest/F1822_Common.inc
                 DelayWuS   0x000126    program     static /Projects/I2CTest/F1822_Common.inc
            DelayWuS_Loop   0x000127    program     static /Projects/I2CTest/F1822_Common.inc
                  EEReadW   0x00012a    program     static /Projects/I2CTest/F1822_Common.inc
                   EERead   0x00012b    program     static /Projects/I2CTest/F1822_Common.inc
                 EEWriteW   0x000134    program     static /Projects/I2CTest/F1822_Common.inc
                  EEWrite   0x000135    program     static /Projects/I2CTest/F1822_Common.inc
              EEWriteLoop   0x000147    program     static /Projects/I2CTest/F1822_Common.inc
             I2C_ARRAY_TX   0x0000a0       data     static /Projects/I2CTest/TestI2CSlave.asm
             I2C_ARRAY_RX   0x0000a4       data     static /Projects/I2CTest/TestI2CSlave.asm


