MPLINK 5.08, LINKER
Linker Map File - Created Wed Nov  4 16:43:10 2015

                                 Section Info
                  Section       Type    Address   Location Size(Bytes)
                ---------  ---------  ---------  ---------  ---------
                   .org_0       code   0x000000    program   0x000006
                   .org_1       code   0x000004    program   0x0002a0
                   .cinit    romdata   0x000154    program   0x000004
                  .idlocs       code   0x008000    program   0x000008
.config_8007_BUILD/DEFAULT/PRODUCTION/_EXT/18       code   0x008007    program   0x000002
.config_8008_BUILD/DEFAULT/PRODUCTION/_EXT/18       code   0x008008    program   0x000002
              I2C_Buffers      udata   0x0000a0       data   0x000010



                              Program Memory Usage 
                               Start         End      
                           ---------   ---------      
                            0x000000    0x000002      
                            0x000004    0x000155      
                            0x008000    0x008003      
                            0x008007    0x008008      
            347 out of 2311 program addresses used, program memory utilization is 15%



                              Symbols - Sorted by Name
                     Name    Address   Location    Storage File                     
                ---------  ---------  ---------  --------- ---------                
                 ClearRam   0x0000fb    program     static /Projects/I2CTest/F1822_Common.inc
              ClearRam_L2   0x000106    program     static /Projects/I2CTest/F1822_Common.inc
                 DecTimer   0x000112    program     static /Projects/I2CTest/F1822_Common.inc
                DecTimer1   0x000111    program     static /Projects/I2CTest/F1822_Common.inc
                DecTimer2   0x00010f    program     static /Projects/I2CTest/F1822_Common.inc
                DecTimer3   0x00010d    program     static /Projects/I2CTest/F1822_Common.inc
                DecTimer4   0x00010b    program     static /Projects/I2CTest/F1822_Common.inc
               Delay100uS   0x00012c    program     static /Projects/I2CTest/F1822_Common.inc
                Delay10uS   0x00012a    program     static /Projects/I2CTest/F1822_Common.inc
                Delay40uS   0x00012e    program     static /Projects/I2CTest/F1822_Common.inc
                 DelayWuS   0x00012f    program     static /Projects/I2CTest/F1822_Common.inc
            DelayWuS_Loop   0x000130    program     static /Projects/I2CTest/F1822_Common.inc
                   EERead   0x000134    program     static /Projects/I2CTest/F1822_Common.inc
                  EEReadW   0x000133    program     static /Projects/I2CTest/F1822_Common.inc
                  EEWrite   0x00013e    program     static /Projects/I2CTest/F1822_Common.inc
              EEWriteLoop   0x000150    program     static /Projects/I2CTest/F1822_Common.inc
                 EEWriteW   0x00013d    program     static /Projects/I2CTest/F1822_Common.inc
           I2C_DataInturp   0x0000d7    program     static /Projects/I2CTest/TestI2CSlave.asm
           I2C_DataSender   0x0000ec    program     static /Projects/I2CTest/TestI2CSlave.asm
                 I2C_READ   0x00005a    program     static /Projects/I2CTest/I2C_SLAVE.inc
          I2C_READ_Return   0x000022    program     static /Projects/I2CTest/TestI2CSlave.asm
                I2C_WRITE   0x000085    program     static /Projects/I2CTest/I2C_SLAVE.inc
         I2C_WRITE_Return   0x000022    program     static /Projects/I2CTest/TestI2CSlave.asm
                    IRQ_2   0x00001b    program     static /Projects/I2CTest/TestI2CSlave.asm
                    IRQ_4   0x00001b    program     static /Projects/I2CTest/TestI2CSlave.asm
                IRQ_4_End   0x000024    program     static /Projects/I2CTest/TestI2CSlave.asm
                    IRQ_5   0x000024    program     static /Projects/I2CTest/TestI2CSlave.asm
                IRQ_5_End   0x00002e    program     static /Projects/I2CTest/TestI2CSlave.asm
                 Init_I2C   0x000035    program     static /Projects/I2CTest/I2C_SLAVE.inc
              Init_I2C_L1   0x00003c    program     static /Projects/I2CTest/I2C_SLAVE.inc
              Init_I2C_L2   0x000046    program     static /Projects/I2CTest/I2C_SLAVE.inc
                 MainLoop   0x0000d3    program     static /Projects/I2CTest/TestI2CSlave.asm
         NO_MEM_OVERWRITE   0x0000a7    program     static /Projects/I2CTest/I2C_SLAVE.inc
                R_ADDRESS   0x00005c    program     static /Projects/I2CTest/I2C_SLAVE.inc
                   R_DATA   0x00006c    program     static /Projects/I2CTest/I2C_SLAVE.inc
              R_Data_NACK   0x000083    program     static /Projects/I2CTest/I2C_SLAVE.inc
          SystemBlinkDone   0x000018    program     static /Projects/I2CTest/TestI2CSlave.asm
          SystemBlink_end   0x00001b    program     static /Projects/I2CTest/TestI2CSlave.asm
              TestT1_Zero   0x000127    program     static /Projects/I2CTest/F1822_Common.inc
              TestT2_Zero   0x000124    program     static /Projects/I2CTest/F1822_Common.inc
              TestT3_Zero   0x000121    program     static /Projects/I2CTest/F1822_Common.inc
              TestT4_Zero   0x00011e    program     static /Projects/I2CTest/F1822_Common.inc
             ToggleSysLED   0x00002f    program     static /Projects/I2CTest/TestI2CSlave.asm
               WRITE_COLL   0x0000aa    program     static /Projects/I2CTest/I2C_SLAVE.inc
                W_ADDRESS   0x000087    program     static /Projects/I2CTest/I2C_SLAVE.inc
                   W_DATA   0x00008c    program     static /Projects/I2CTest/I2C_SLAVE.inc
                 W_DATA_1   0x0000a3    program     static /Projects/I2CTest/I2C_SLAVE.inc
              W_Data_Stop   0x0000a5    program     static /Projects/I2CTest/I2C_SLAVE.inc
                    start   0x0000ad    program     static /Projects/I2CTest/TestI2CSlave.asm
             I2C_ARRAY_RX   0x0000a8       data     static /Projects/I2CTest/TestI2CSlave.asm
             I2C_ARRAY_TX   0x0000a0       data     static /Projects/I2CTest/TestI2CSlave.asm



                              Symbols - Sorted by Address
                     Name    Address   Location    Storage File                     
                ---------  ---------  ---------  --------- ---------                
          SystemBlinkDone   0x000018    program     static /Projects/I2CTest/TestI2CSlave.asm
                    IRQ_4   0x00001b    program     static /Projects/I2CTest/TestI2CSlave.asm
                    IRQ_2   0x00001b    program     static /Projects/I2CTest/TestI2CSlave.asm
          SystemBlink_end   0x00001b    program     static /Projects/I2CTest/TestI2CSlave.asm
          I2C_READ_Return   0x000022    program     static /Projects/I2CTest/TestI2CSlave.asm
         I2C_WRITE_Return   0x000022    program     static /Projects/I2CTest/TestI2CSlave.asm
                IRQ_4_End   0x000024    program     static /Projects/I2CTest/TestI2CSlave.asm
                    IRQ_5   0x000024    program     static /Projects/I2CTest/TestI2CSlave.asm
                IRQ_5_End   0x00002e    program     static /Projects/I2CTest/TestI2CSlave.asm
             ToggleSysLED   0x00002f    program     static /Projects/I2CTest/TestI2CSlave.asm
                 Init_I2C   0x000035    program     static /Projects/I2CTest/I2C_SLAVE.inc
              Init_I2C_L1   0x00003c    program     static /Projects/I2CTest/I2C_SLAVE.inc
              Init_I2C_L2   0x000046    program     static /Projects/I2CTest/I2C_SLAVE.inc
                 I2C_READ   0x00005a    program     static /Projects/I2CTest/I2C_SLAVE.inc
                R_ADDRESS   0x00005c    program     static /Projects/I2CTest/I2C_SLAVE.inc
                   R_DATA   0x00006c    program     static /Projects/I2CTest/I2C_SLAVE.inc
              R_Data_NACK   0x000083    program     static /Projects/I2CTest/I2C_SLAVE.inc
                I2C_WRITE   0x000085    program     static /Projects/I2CTest/I2C_SLAVE.inc
                W_ADDRESS   0x000087    program     static /Projects/I2CTest/I2C_SLAVE.inc
                   W_DATA   0x00008c    program     static /Projects/I2CTest/I2C_SLAVE.inc
                 W_DATA_1   0x0000a3    program     static /Projects/I2CTest/I2C_SLAVE.inc
              W_Data_Stop   0x0000a5    program     static /Projects/I2CTest/I2C_SLAVE.inc
         NO_MEM_OVERWRITE   0x0000a7    program     static /Projects/I2CTest/I2C_SLAVE.inc
               WRITE_COLL   0x0000aa    program     static /Projects/I2CTest/I2C_SLAVE.inc
                    start   0x0000ad    program     static /Projects/I2CTest/TestI2CSlave.asm
                 MainLoop   0x0000d3    program     static /Projects/I2CTest/TestI2CSlave.asm
           I2C_DataInturp   0x0000d7    program     static /Projects/I2CTest/TestI2CSlave.asm
           I2C_DataSender   0x0000ec    program     static /Projects/I2CTest/TestI2CSlave.asm
                 ClearRam   0x0000fb    program     static /Projects/I2CTest/F1822_Common.inc
              ClearRam_L2   0x000106    program     static /Projects/I2CTest/F1822_Common.inc
                DecTimer4   0x00010b    program     static /Projects/I2CTest/F1822_Common.inc
                DecTimer3   0x00010d    program     static /Projects/I2CTest/F1822_Common.inc
                DecTimer2   0x00010f    program     static /Projects/I2CTest/F1822_Common.inc
                DecTimer1   0x000111    program     static /Projects/I2CTest/F1822_Common.inc
                 DecTimer   0x000112    program     static /Projects/I2CTest/F1822_Common.inc
              TestT4_Zero   0x00011e    program     static /Projects/I2CTest/F1822_Common.inc
              TestT3_Zero   0x000121    program     static /Projects/I2CTest/F1822_Common.inc
              TestT2_Zero   0x000124    program     static /Projects/I2CTest/F1822_Common.inc
              TestT1_Zero   0x000127    program     static /Projects/I2CTest/F1822_Common.inc
                Delay10uS   0x00012a    program     static /Projects/I2CTest/F1822_Common.inc
               Delay100uS   0x00012c    program     static /Projects/I2CTest/F1822_Common.inc
                Delay40uS   0x00012e    program     static /Projects/I2CTest/F1822_Common.inc
                 DelayWuS   0x00012f    program     static /Projects/I2CTest/F1822_Common.inc
            DelayWuS_Loop   0x000130    program     static /Projects/I2CTest/F1822_Common.inc
                  EEReadW   0x000133    program     static /Projects/I2CTest/F1822_Common.inc
                   EERead   0x000134    program     static /Projects/I2CTest/F1822_Common.inc
                 EEWriteW   0x00013d    program     static /Projects/I2CTest/F1822_Common.inc
                  EEWrite   0x00013e    program     static /Projects/I2CTest/F1822_Common.inc
              EEWriteLoop   0x000150    program     static /Projects/I2CTest/F1822_Common.inc
             I2C_ARRAY_TX   0x0000a0       data     static /Projects/I2CTest/TestI2CSlave.asm
             I2C_ARRAY_RX   0x0000a8       data     static /Projects/I2CTest/TestI2CSlave.asm


